912:      res.status(500).json({ error: 'Internal Server Error' });
922:      res.status(500).json({ error: 'Internal Server Error' });
932:      res.status(500).json({ error: 'Internal Server Error' });
980:      res.status(500).json({ error: 'Internal Server Error' });
1009:      res.status(500).json({ error: 'Internal Server Error' });
1094:      res.status(500).json({ error: 'Internal Server Error' });
1148:      res.status(500).json({ error: 'Internal Server Error' });
1170:      res.status(500).json({ error: 'Internal Server Error' });
1201:      res.status(500).json({ error: 'Internal Server Error' });
1274:      res.status(500).json({ error: 'Internal Server Error' });
1286:      res.status(500).json({ error: 'Internal Server Error' });
1304:      res.status(500).json({ error: 'Internal Server Error' });
1442:        return res.status(500).json({ error: 'Failed to compute route distances' });
1449:      res.status(500).json({ error: 'Failed to compute route distances' });
1548:      res.status(500).json({ error: 'Internal Server Error' });
1562:      res.status(500).json({ error: 'Internal Server Error' });
1649:      res.status(500).json({ error: 'Internal Server Error' });
1675:        res.status(500).json({ error: 'Internal Server Error' });
1690:      res.status(500).json({ error: 'Internal Server Error' });
1706:      res.status(500).json({ error: 'Internal Server Error' });
1718:      res.status(500).json({ error: 'Internal Server Error' });
1780:      res.status(500).json({ error: 'Internal Server Error' });
1812:      res.status(500).json({ error: 'Internal Server Error' });
1842:      res.status(500).json({ error: 'Internal Server Error' });
1855:      res.status(500).json({ error: 'Internal Server Error' });
1867:      res.status(500).json({ error: 'Internal Server Error' });
1886:      res.status(500).json({ error: 'Internal Server Error' });
1900:      res.status(500).json({ error: 'Internal Server Error' });
1913:      res.status(500).json({ error: 'Internal Server Error' });
1925:      res.status(500).json({ error: 'Internal Server Error' });
2029:      res.status(500).json({ error: 'Internal Server Error' });
2059:      res.status(500).json({ error: 'Internal Server Error' });
2087:      res.status(500).json({ error: 'Internal Server Error' });
2101:      res.status(500).json({ error: 'Internal Server Error' });
2122:      res.status(500).json({ error: 'Internal Server Error' });
2374:      res.status(500).json({ error: 'Internal Server Error' });
2415:      res.status(500).json({ error: 'Internal Server Error' });
2520:      res.status(500).json({ error: 'Internal Server Error' });
2549:      res.status(500).json({ error: 'Internal Server Error' });
2573:      res.status(500).json({ error: 'Internal Server Error' });
2584:      res.status(500).json({ error: 'Internal Server Error' });
2595:      res.status(500).json({ error: 'Internal Server Error' });
2836:      res.status(500).json({ error: 'Internal Server Error' });
2847:      res.status(500).json({ error: 'Internal Server Error' });
2878:      res.status(500).json({ error: 'Internal Server Error' });
2894:      res.status(500).json({ error: 'Internal Server Error' });
3055:      res.status(500).json({ error: 'Internal Server Error' });
3069:      res.status(500).json({ error: 'Internal Server Error' });
3190:      res.status(500).json({ error: 'Internal Server Error' });
3254:      res.status(500).json({ error: 'Internal Server Error' });
3268:      res.status(500).json({ error: 'Internal Server Error' });
3344:      res.status(500).json({ error: 'Internal Server Error' });
3361:      res.status(500).json({ error: 'Internal Server Error' });
3381:      res.status(500).json({ error: 'Internal Server Error' });
3397:      res.status(500).json({ error: 'Internal Server Error' });
3593:      res.status(500).json({ error: 'Internal Server Error' });
3622:      res.status(500).json({ error: 'Internal Server Error' });
3660:      res.status(500).json({ error: 'Internal Server Error' });
3832:      res.status(500).json({ error: 'Internal Server Error' });
4075:      res.status(500).json({ error: 'Internal Server Error' });
4138:      res.status(500).json({ error: 'Internal Server Error' });
4172:      res.status(500).json({ error: 'Internal Server Error' });
4290:      res.status(500).json({ error: 'Internal Server Error' });
4316:      res.status(500).json({ error: 'Internal Server Error' });
4364:      res.status(500).json({ error: 'Internal Server Error' });
4375:      res.status(500).json({ error: 'Internal Server Error' });
4395:      res.status(500).json({ error: 'Internal Server Error' });
4417:      res.status(500).json({ error: 'Internal Server Error' });
4435:      res.status(500).json({ error: 'Internal Server Error' });
4636:      res.status(500).json({ error: 'Internal Server Error' });
4663:      res.status(500).json({ error: 'Internal Server Error' });
4695:      res.status(500).json({ error: 'Internal Server Error' });
4756:      res.status(500).json({ error: 'Internal Server Error' });
4767:      res.status(500).json({ error: 'Internal Server Error' });
4781:      res.status(500).json({ error: 'Internal Server Error' });
4998:      res.status(500).json({ error: 'Internal Server Error' });
5039:      res.status(500).json({ error: 'Internal Server Error' });
5066:      res.status(500).json({ error: 'Internal Server Error' });
5090:      res.status(500).json({ error: 'Internal Server Error' });
5110:      res.status(500).json({ error: 'Internal Server Error' });
5124:      res.status(500).json({ error: 'Internal Server Error' });
5208:      res.status(500).json({ error: 'Failed to fetch matrix' });
5437:      if(!res.headersSent) res.status(500).json({ error: 'Failed to export Excel' });
5723:         res.status(500).json({ error: 'Internal Server Error' });
6010:         res.status(500).json({ error: 'Internal Server Error' });
6027:      res.status(500).json({ error: 'Internal Server Error' });
6166:      res.status(500).json({ error: 'Internal Server Error' });
6185:      res.status(500).json({ error: 'Internal Server Error' });
6200:      res.status(500).json({ error: 'Internal Server Error' });
6246:    res.status(500).json({ error: 'Internal Server Error. Please contact support.' });
